> Task :clean
> Task :checkKotlinGradlePluginConfigurationErrors SKIPPED
> Task :processResources NO-SOURCE
> Task :processTestResources NO-SOURCE

> Task :compileKotlin
w: file:///Users/jivie/Projects/smb-translation/src/main/kotlin/BufferedPpuUpdate.kt:230:38 This declaration needs opt-in. Its usage should be marked with '@kotlin.ExperimentalUnsignedTypes' or '@OptIn(kotlin.ExperimentalUnsignedTypes::class)'
w: file:///Users/jivie/Projects/smb-translation/src/main/kotlin/BufferedPpuUpdate.kt:233:46 This declaration needs opt-in. Its usage should be marked with '@kotlin.ExperimentalUnsignedTypes' or '@OptIn(kotlin.ExperimentalUnsignedTypes::class)'
w: file:///Users/jivie/Projects/smb-translation/src/main/kotlin/BufferedPpuUpdate.kt:233:66 This declaration needs opt-in. Its usage should be marked with '@kotlin.ExperimentalUnsignedTypes' or '@OptIn(kotlin.ExperimentalUnsignedTypes::class)'
w: file:///Users/jivie/Projects/smb-translation/src/main/kotlin/BufferedPpuUpdate.kt:237:51 This declaration needs opt-in. Its usage should be marked with '@kotlin.ExperimentalUnsignedTypes' or '@OptIn(kotlin.ExperimentalUnsignedTypes::class)'
w: file:///Users/jivie/Projects/smb-translation/src/main/kotlin/BufferedPpuUpdate.kt:241:28 This declaration needs opt-in. Its usage should be marked with '@kotlin.ExperimentalUnsignedTypes' or '@OptIn(kotlin.ExperimentalUnsignedTypes::class)'
w: file:///Users/jivie/Projects/smb-translation/src/main/kotlin/BufferedPpuUpdate.kt:249:33 This declaration needs opt-in. Its usage should be marked with '@kotlin.ExperimentalUnsignedTypes' or '@OptIn(kotlin.ExperimentalUnsignedTypes::class)'
w: file:///Users/jivie/Projects/smb-translation/src/main/kotlin/BufferedPpuUpdate.kt:249:38 This declaration needs opt-in. Its usage should be marked with '@kotlin.ExperimentalUnsignedTypes' or '@OptIn(kotlin.ExperimentalUnsignedTypes::class)'
w: file:///Users/jivie/Projects/smb-translation/src/main/kotlin/BufferedPpuUpdate.kt:251:41 This declaration needs opt-in. Its usage should be marked with '@kotlin.ExperimentalUnsignedTypes' or '@OptIn(kotlin.ExperimentalUnsignedTypes::class)'
w: file:///Users/jivie/Projects/smb-translation/src/main/kotlin/BufferedPpuUpdate.kt:251:46 This declaration needs opt-in. Its usage should be marked with '@kotlin.ExperimentalUnsignedTypes' or '@OptIn(kotlin.ExperimentalUnsignedTypes::class)'
w: file:///Users/jivie/Projects/smb-translation/src/main/kotlin/BufferedPpuUpdate.kt:255:39 This declaration needs opt-in. Its usage should be marked with '@kotlin.ExperimentalUnsignedTypes' or '@OptIn(kotlin.ExperimentalUnsignedTypes::class)'
w: file:///Users/jivie/Projects/smb-translation/src/main/kotlin/BufferedPpuUpdate.kt:255:39 This declaration needs opt-in. Its usage should be marked with '@kotlin.ExperimentalUnsignedTypes' or '@OptIn(kotlin.ExperimentalUnsignedTypes::class)'
w: file:///Users/jivie/Projects/smb-translation/src/main/kotlin/BufferedPpuUpdate.kt:256:39 This declaration needs opt-in. Its usage should be marked with '@kotlin.ExperimentalUnsignedTypes' or '@OptIn(kotlin.ExperimentalUnsignedTypes::class)'
w: file:///Users/jivie/Projects/smb-translation/src/main/kotlin/BufferedPpuUpdate.kt:256:39 This declaration needs opt-in. Its usage should be marked with '@kotlin.ExperimentalUnsignedTypes' or '@OptIn(kotlin.ExperimentalUnsignedTypes::class)'
w: file:///Users/jivie/Projects/smb-translation/src/main/kotlin/BufferedPpuUpdate.kt:257:39 This declaration needs opt-in. Its usage should be marked with '@kotlin.ExperimentalUnsignedTypes' or '@OptIn(kotlin.ExperimentalUnsignedTypes::class)'
w: file:///Users/jivie/Projects/smb-translation/src/main/kotlin/BufferedPpuUpdate.kt:257:39 This declaration needs opt-in. Its usage should be marked with '@kotlin.ExperimentalUnsignedTypes' or '@OptIn(kotlin.ExperimentalUnsignedTypes::class)'
w: file:///Users/jivie/Projects/smb-translation/src/main/kotlin/BufferedPpuUpdate.kt:258:39 This declaration needs opt-in. Its usage should be marked with '@kotlin.ExperimentalUnsignedTypes' or '@OptIn(kotlin.ExperimentalUnsignedTypes::class)'
w: file:///Users/jivie/Projects/smb-translation/src/main/kotlin/BufferedPpuUpdate.kt:258:39 This declaration needs opt-in. Its usage should be marked with '@kotlin.ExperimentalUnsignedTypes' or '@OptIn(kotlin.ExperimentalUnsignedTypes::class)'
w: file:///Users/jivie/Projects/smb-translation/src/main/kotlin/BufferedPpuUpdate.kt:292:39 This declaration needs opt-in. Its usage should be marked with '@kotlin.ExperimentalUnsignedTypes' or '@OptIn(kotlin.ExperimentalUnsignedTypes::class)'
w: file:///Users/jivie/Projects/smb-translation/src/main/kotlin/BufferedPpuUpdate.kt:294:63 This declaration needs opt-in. Its usage should be marked with '@kotlin.ExperimentalUnsignedTypes' or '@OptIn(kotlin.ExperimentalUnsignedTypes::class)'
w: file:///Users/jivie/Projects/smb-translation/src/main/kotlin/BufferedPpuUpdate.kt:294:63 This declaration needs opt-in. Its usage should be marked with '@kotlin.ExperimentalUnsignedTypes' or '@OptIn(kotlin.ExperimentalUnsignedTypes::class)'
w: file:///Users/jivie/Projects/smb-translation/src/main/kotlin/BufferedPpuUpdate.kt:305:36 This declaration needs opt-in. Its usage should be marked with '@kotlin.ExperimentalUnsignedTypes' or '@OptIn(kotlin.ExperimentalUnsignedTypes::class)'
w: file:///Users/jivie/Projects/smb-translation/src/main/kotlin/BufferedPpuUpdate.kt:307:44 This declaration needs opt-in. Its usage should be marked with '@kotlin.ExperimentalUnsignedTypes' or '@OptIn(kotlin.ExperimentalUnsignedTypes::class)'
w: file:///Users/jivie/Projects/smb-translation/src/main/kotlin/BufferedPpuUpdate.kt:307:49 This declaration needs opt-in. Its usage should be marked with '@kotlin.ExperimentalUnsignedTypes' or '@OptIn(kotlin.ExperimentalUnsignedTypes::class)'
w: file:///Users/jivie/Projects/smb-translation/src/main/kotlin/BufferedPpuUpdate.kt:326:29 This declaration needs opt-in. Its usage should be marked with '@kotlin.ExperimentalUnsignedTypes' or '@OptIn(kotlin.ExperimentalUnsignedTypes::class)'
w: file:///Users/jivie/Projects/smb-translation/src/main/kotlin/BufferedPpuUpdate.kt:334:49 This declaration needs opt-in. Its usage should be marked with '@kotlin.ExperimentalUnsignedTypes' or '@OptIn(kotlin.ExperimentalUnsignedTypes::class)'
w: file:///Users/jivie/Projects/smb-translation/src/main/kotlin/BufferedPpuUpdate.kt:334:49 This declaration needs opt-in. Its usage should be marked with '@kotlin.ExperimentalUnsignedTypes' or '@OptIn(kotlin.ExperimentalUnsignedTypes::class)'
w: file:///Users/jivie/Projects/smb-translation/src/main/kotlin/BufferedPpuUpdate.kt:345:50 This declaration needs opt-in. Its usage should be marked with '@kotlin.ExperimentalUnsignedTypes' or '@OptIn(kotlin.ExperimentalUnsignedTypes::class)'
w: file:///Users/jivie/Projects/smb-translation/src/main/kotlin/GameRam.kt:49:18 Unchecked cast of 'KMutableProperty1<GameRam, *>' to 'KMutableProperty1<GameRam, Any?>'.
w: file:///Users/jivie/Projects/smb-translation/src/main/kotlin/GameRamMapper.kt:45:21 This declaration needs opt-in. Its usage should be marked with '@kotlin.ExperimentalUnsignedTypes' or '@OptIn(kotlin.ExperimentalUnsignedTypes::class)'
w: file:///Users/jivie/Projects/smb-translation/src/main/kotlin/GameRamMapper.kt:45:34 This declaration needs opt-in. Its usage should be marked with '@kotlin.ExperimentalUnsignedTypes' or '@OptIn(kotlin.ExperimentalUnsignedTypes::class)'
w: file:///Users/jivie/Projects/smb-translation/src/main/kotlin/GameRamMapper.kt:48:23 This declaration needs opt-in. Its usage should be marked with '@kotlin.ExperimentalUnsignedTypes' or '@OptIn(kotlin.ExperimentalUnsignedTypes::class)'
w: file:///Users/jivie/Projects/smb-translation/src/main/kotlin/GameRamMapper.kt:49:73 This declaration needs opt-in. Its usage should be marked with '@kotlin.ExperimentalUnsignedTypes' or '@OptIn(kotlin.ExperimentalUnsignedTypes::class)'
w: file:///Users/jivie/Projects/smb-translation/src/main/kotlin/GameRamMapper.kt:49:73 This declaration needs opt-in. Its usage should be marked with '@kotlin.ExperimentalUnsignedTypes' or '@OptIn(kotlin.ExperimentalUnsignedTypes::class)'
w: file:///Users/jivie/Projects/smb-translation/src/main/kotlin/GameRamMapper.kt:52:23 This declaration needs opt-in. Its usage should be marked with '@kotlin.ExperimentalUnsignedTypes' or '@OptIn(kotlin.ExperimentalUnsignedTypes::class)'
w: file:///Users/jivie/Projects/smb-translation/src/main/kotlin/GameRamMapper.kt:53:40 This declaration needs opt-in. Its usage should be marked with '@kotlin.ExperimentalUnsignedTypes' or '@OptIn(kotlin.ExperimentalUnsignedTypes::class)'
w: file:///Users/jivie/Projects/smb-translation/src/main/kotlin/GameRamMapper.kt:53:40 This declaration needs opt-in. Its usage should be marked with '@kotlin.ExperimentalUnsignedTypes' or '@OptIn(kotlin.ExperimentalUnsignedTypes::class)'
w: file:///Users/jivie/Projects/smb-translation/src/main/kotlin/GameRamMapper.kt:56:23 This declaration needs opt-in. Its usage should be marked with '@kotlin.ExperimentalUnsignedTypes' or '@OptIn(kotlin.ExperimentalUnsignedTypes::class)'
w: file:///Users/jivie/Projects/smb-translation/src/main/kotlin/GameRamMapper.kt:57:67 This declaration needs opt-in. Its usage should be marked with '@kotlin.ExperimentalUnsignedTypes' or '@OptIn(kotlin.ExperimentalUnsignedTypes::class)'
w: file:///Users/jivie/Projects/smb-translation/src/main/kotlin/GameRamMapper.kt:57:67 This declaration needs opt-in. Its usage should be marked with '@kotlin.ExperimentalUnsignedTypes' or '@OptIn(kotlin.ExperimentalUnsignedTypes::class)'
w: file:///Users/jivie/Projects/smb-translation/src/main/kotlin/GameRamMapper.kt:60:23 This declaration needs opt-in. Its usage should be marked with '@kotlin.ExperimentalUnsignedTypes' or '@OptIn(kotlin.ExperimentalUnsignedTypes::class)'
w: file:///Users/jivie/Projects/smb-translation/src/main/kotlin/GameRamMapper.kt:61:40 This declaration needs opt-in. Its usage should be marked with '@kotlin.ExperimentalUnsignedTypes' or '@OptIn(kotlin.ExperimentalUnsignedTypes::class)'
w: file:///Users/jivie/Projects/smb-translation/src/main/kotlin/GameRamMapper.kt:61:40 This declaration needs opt-in. Its usage should be marked with '@kotlin.ExperimentalUnsignedTypes' or '@OptIn(kotlin.ExperimentalUnsignedTypes::class)'
w: file:///Users/jivie/Projects/smb-translation/src/main/kotlin/areaparser/shared.kt:80:23 This declaration needs opt-in. Its usage should be marked with '@kotlin.ExperimentalUnsignedTypes' or '@OptIn(kotlin.ExperimentalUnsignedTypes::class)'
w: file:///Users/jivie/Projects/smb-translation/src/main/kotlin/areaparser/shared.kt:80:27 This declaration needs opt-in. Its usage should be marked with '@kotlin.ExperimentalUnsignedTypes' or '@OptIn(kotlin.ExperimentalUnsignedTypes::class)'
w: file:///Users/jivie/Projects/smb-translation/src/main/kotlin/areaparser/shared.kt:84:13 This declaration needs opt-in. Its usage should be marked with '@kotlin.ExperimentalUnsignedTypes' or '@OptIn(kotlin.ExperimentalUnsignedTypes::class)'
w: file:///Users/jivie/Projects/smb-translation/src/main/kotlin/areaparser/shared.kt:84:17 This declaration needs opt-in. Its usage should be marked with '@kotlin.ExperimentalUnsignedTypes' or '@OptIn(kotlin.ExperimentalUnsignedTypes::class)'
w: file:///Users/jivie/Projects/smb-translation/src/main/kotlin/areaparser/shared.kt:96:31 This declaration needs opt-in. Its usage should be marked with '@kotlin.ExperimentalUnsignedTypes' or '@OptIn(kotlin.ExperimentalUnsignedTypes::class)'
w: file:///Users/jivie/Projects/smb-translation/src/main/kotlin/areaparser/shared.kt:96:35 This declaration needs opt-in. Its usage should be marked with '@kotlin.ExperimentalUnsignedTypes' or '@OptIn(kotlin.ExperimentalUnsignedTypes::class)'
w: file:///Users/jivie/Projects/smb-translation/src/main/kotlin/areaparser/shared.kt:98:31 This declaration needs opt-in. Its usage should be marked with '@kotlin.ExperimentalUnsignedTypes' or '@OptIn(kotlin.ExperimentalUnsignedTypes::class)'
w: file:///Users/jivie/Projects/smb-translation/src/main/kotlin/areaparser/shared.kt:98:35 This declaration needs opt-in. Its usage should be marked with '@kotlin.ExperimentalUnsignedTypes' or '@OptIn(kotlin.ExperimentalUnsignedTypes::class)'
w: file:///Users/jivie/Projects/smb-translation/src/main/kotlin/areaparser/shared.kt:101:25 This declaration needs opt-in. Its usage should be marked with '@kotlin.ExperimentalUnsignedTypes' or '@OptIn(kotlin.ExperimentalUnsignedTypes::class)'
w: file:///Users/jivie/Projects/smb-translation/src/main/kotlin/areaparser/shared.kt:101:29 This declaration needs opt-in. Its usage should be marked with '@kotlin.ExperimentalUnsignedTypes' or '@OptIn(kotlin.ExperimentalUnsignedTypes::class)'
w: file:///Users/jivie/Projects/smb-translation/src/main/kotlin/areaparser/shared.kt:174:24 This declaration needs opt-in. Its usage should be marked with '@kotlin.ExperimentalUnsignedTypes' or '@OptIn(kotlin.ExperimentalUnsignedTypes::class)'
w: file:///Users/jivie/Projects/smb-translation/src/main/kotlin/areaparser/verticalPipe.kt:75:5 This declaration needs opt-in. Its usage should be marked with '@kotlin.ExperimentalUnsignedTypes' or '@OptIn(kotlin.ExperimentalUnsignedTypes::class)'
w: file:///Users/jivie/Projects/smb-translation/src/main/kotlin/areaparser/verticalPipe.kt:75:9 This declaration needs opt-in. Its usage should be marked with '@kotlin.ExperimentalUnsignedTypes' or '@OptIn(kotlin.ExperimentalUnsignedTypes::class)'
w: file:///Users/jivie/Projects/smb-translation/src/main/kotlin/areaparser/verticalPipe.kt:75:32 This declaration needs opt-in. Its usage should be marked with '@kotlin.ExperimentalUnsignedTypes' or '@OptIn(kotlin.ExperimentalUnsignedTypes::class)'
w: file:///Users/jivie/Projects/smb-translation/src/main/kotlin/areaparser/verticalPipe.kt:75:49 This declaration needs opt-in. Its usage should be marked with '@kotlin.ExperimentalUnsignedTypes' or '@OptIn(kotlin.ExperimentalUnsignedTypes::class)'
w: file:///Users/jivie/Projects/smb-translation/src/main/kotlin/areaparser/verticalPipe.kt:78:24 This declaration needs opt-in. Its usage should be marked with '@kotlin.ExperimentalUnsignedTypes' or '@OptIn(kotlin.ExperimentalUnsignedTypes::class)'
w: file:///Users/jivie/Projects/smb-translation/src/main/kotlin/areaparser/verticalPipe.kt:78:41 This declaration needs opt-in. Its usage should be marked with '@kotlin.ExperimentalUnsignedTypes' or '@OptIn(kotlin.ExperimentalUnsignedTypes::class)'
w: file:///Users/jivie/Projects/smb-translation/src/main/kotlin/collisionDetection.kt:568:5 This declaration needs opt-in. Its usage should be marked with '@kotlin.ExperimentalUnsignedTypes' or '@OptIn(kotlin.ExperimentalUnsignedTypes::class)'
w: file:///Users/jivie/Projects/smb-translation/src/main/kotlin/collisionDetection.kt:568:9 This declaration needs opt-in. Its usage should be marked with '@kotlin.ExperimentalUnsignedTypes' or '@OptIn(kotlin.ExperimentalUnsignedTypes::class)'
w: file:///Users/jivie/Projects/smb-translation/src/main/kotlin/collisionDetection.kt:570:5 This declaration needs opt-in. Its usage should be marked with '@kotlin.ExperimentalUnsignedTypes' or '@OptIn(kotlin.ExperimentalUnsignedTypes::class)'
w: file:///Users/jivie/Projects/smb-translation/src/main/kotlin/collisionDetection.kt:570:9 This declaration needs opt-in. Its usage should be marked with '@kotlin.ExperimentalUnsignedTypes' or '@OptIn(kotlin.ExperimentalUnsignedTypes::class)'
w: file:///Users/jivie/Projects/smb-translation/src/main/kotlin/enemyBGCollision.kt:178:5 This declaration needs opt-in. Its usage should be marked with '@kotlin.ExperimentalUnsignedTypes' or '@OptIn(kotlin.ExperimentalUnsignedTypes::class)'
w: file:///Users/jivie/Projects/smb-translation/src/main/kotlin/enemyBGCollision.kt:178:9 This declaration needs opt-in. Its usage should be marked with '@kotlin.ExperimentalUnsignedTypes' or '@OptIn(kotlin.ExperimentalUnsignedTypes::class)'
w: file:///Users/jivie/Projects/smb-translation/src/main/kotlin/enemyBGCollision.kt:180:5 This declaration needs opt-in. Its usage should be marked with '@kotlin.ExperimentalUnsignedTypes' or '@OptIn(kotlin.ExperimentalUnsignedTypes::class)'
w: file:///Users/jivie/Projects/smb-translation/src/main/kotlin/enemyBGCollision.kt:180:9 This declaration needs opt-in. Its usage should be marked with '@kotlin.ExperimentalUnsignedTypes' or '@OptIn(kotlin.ExperimentalUnsignedTypes::class)'
w: file:///Users/jivie/Projects/smb-translation/src/main/kotlin/floateyNumbers.kt:143:15 This declaration needs opt-in. Its usage should be marked with '@kotlin.ExperimentalUnsignedTypes' or '@OptIn(kotlin.ExperimentalUnsignedTypes::class)'
w: file:///Users/jivie/Projects/smb-translation/src/main/kotlin/floateyNumbers.kt:143:19 This declaration needs opt-in. Its usage should be marked with '@kotlin.ExperimentalUnsignedTypes' or '@OptIn(kotlin.ExperimentalUnsignedTypes::class)'
w: file:///Users/jivie/Projects/smb-translation/src/main/kotlin/floateyNumbers.kt:149:9 This declaration needs opt-in. Its usage should be marked with '@kotlin.ExperimentalUnsignedTypes' or '@OptIn(kotlin.ExperimentalUnsignedTypes::class)'
w: file:///Users/jivie/Projects/smb-translation/src/main/kotlin/floateyNumbers.kt:149:13 This declaration needs opt-in. Its usage should be marked with '@kotlin.ExperimentalUnsignedTypes' or '@OptIn(kotlin.ExperimentalUnsignedTypes::class)'
w: file:///Users/jivie/Projects/smb-translation/src/main/kotlin/floateyNumbers.kt:154:20 This declaration needs opt-in. Its usage should be marked with '@kotlin.ExperimentalUnsignedTypes' or '@OptIn(kotlin.ExperimentalUnsignedTypes::class)'
w: file:///Users/jivie/Projects/smb-translation/src/main/kotlin/floateyNumbers.kt:154:24 This declaration needs opt-in. Its usage should be marked with '@kotlin.ExperimentalUnsignedTypes' or '@OptIn(kotlin.ExperimentalUnsignedTypes::class)'
w: file:///Users/jivie/Projects/smb-translation/src/main/kotlin/floateyNumbers.kt:157:24 This declaration needs opt-in. Its usage should be marked with '@kotlin.ExperimentalUnsignedTypes' or '@OptIn(kotlin.ExperimentalUnsignedTypes::class)'
w: file:///Users/jivie/Projects/smb-translation/src/main/kotlin/floateyNumbers.kt:157:28 This declaration needs opt-in. Its usage should be marked with '@kotlin.ExperimentalUnsignedTypes' or '@OptIn(kotlin.ExperimentalUnsignedTypes::class)'
w: file:///Users/jivie/Projects/smb-translation/src/main/kotlin/floateyNumbers.kt:161:27 This declaration needs opt-in. Its usage should be marked with '@kotlin.ExperimentalUnsignedTypes' or '@OptIn(kotlin.ExperimentalUnsignedTypes::class)'
w: file:///Users/jivie/Projects/smb-translation/src/main/kotlin/floateyNumbers.kt:161:31 This declaration needs opt-in. Its usage should be marked with '@kotlin.ExperimentalUnsignedTypes' or '@OptIn(kotlin.ExperimentalUnsignedTypes::class)'
w: file:///Users/jivie/Projects/smb-translation/src/main/kotlin/screenRoutinesRenderAreaGraphics.kt:60:31 This declaration needs opt-in. Its usage should be marked with '@kotlin.ExperimentalUnsignedTypes' or '@OptIn(kotlin.ExperimentalUnsignedTypes::class)'
w: file:///Users/jivie/Projects/smb-translation/src/main/kotlin/screenRoutinesRenderAreaGraphics.kt:60:46 This declaration needs opt-in. Its usage should be marked with '@kotlin.ExperimentalUnsignedTypes' or '@OptIn(kotlin.ExperimentalUnsignedTypes::class)'
w: file:///Users/jivie/Projects/smb-translation/src/main/kotlin/screenRoutinesRenderAreaGraphics.kt:162:30 This declaration needs opt-in. Its usage should be marked with '@kotlin.ExperimentalUnsignedTypes' or '@OptIn(kotlin.ExperimentalUnsignedTypes::class)'
w: file:///Users/jivie/Projects/smb-translation/src/main/kotlin/screenRoutinesRenderAreaGraphics.kt:162:46 This declaration needs opt-in. Its usage should be marked with '@kotlin.ExperimentalUnsignedTypes' or '@OptIn(kotlin.ExperimentalUnsignedTypes::class)'
w: file:///Users/jivie/Projects/smb-translation/src/main/kotlin/screenRoutinesRenderAreaGraphics.kt:166:38 This declaration needs opt-in. Its usage should be marked with '@kotlin.ExperimentalUnsignedTypes' or '@OptIn(kotlin.ExperimentalUnsignedTypes::class)'
w: file:///Users/jivie/Projects/smb-translation/src/main/kotlin/screenRoutinesRenderAreaGraphics.kt:166:54 This declaration needs opt-in. Its usage should be marked with '@kotlin.ExperimentalUnsignedTypes' or '@OptIn(kotlin.ExperimentalUnsignedTypes::class)'
w: file:///Users/jivie/Projects/smb-translation/src/main/kotlin/screenRoutinesRenderAreaGraphics.kt:166:63 This declaration needs opt-in. Its usage should be marked with '@kotlin.ExperimentalUnsignedTypes' or '@OptIn(kotlin.ExperimentalUnsignedTypes::class)'
w: file:///Users/jivie/Projects/smb-translation/src/main/kotlin/screenRoutinesRenderAreaGraphics.kt:166:67 This declaration needs opt-in. Its usage should be marked with '@kotlin.ExperimentalUnsignedTypes' or '@OptIn(kotlin.ExperimentalUnsignedTypes::class)'
w: file:///Users/jivie/Projects/smb-translation/src/main/kotlin/screenRoutinesRenderAttributeTables.kt:65:21 This declaration needs opt-in. Its usage should be marked with '@kotlin.ExperimentalUnsignedTypes' or '@OptIn(kotlin.ExperimentalUnsignedTypes::class)'
w: file:///Users/jivie/Projects/smb-translation/src/main/kotlin/screenRoutinesRenderAttributeTables.kt:65:25 This declaration needs opt-in. Its usage should be marked with '@kotlin.ExperimentalUnsignedTypes' or '@OptIn(kotlin.ExperimentalUnsignedTypes::class)'
w: file:///Users/jivie/Projects/smb-translation/src/main/kotlin/screenRoutinesRenderAttributeTables.kt:84:9 This declaration needs opt-in. Its usage should be marked with '@kotlin.ExperimentalUnsignedTypes' or '@OptIn(kotlin.ExperimentalUnsignedTypes::class)'
w: file:///Users/jivie/Projects/smb-translation/src/main/kotlin/screenRoutinesRenderAttributeTables.kt:84:13 This declaration needs opt-in. Its usage should be marked with '@kotlin.ExperimentalUnsignedTypes' or '@OptIn(kotlin.ExperimentalUnsignedTypes::class)'
w: file:///Users/jivie/Projects/smb-translation/src/main/kotlin/utils/AutoTranslate.kt:482:9 'when' is exhaustive so 'else' is redundant here.

> Task :compileJava NO-SOURCE
> Task :classes UP-TO-DATE
> Task :jar
> Task :compileTestKotlin
> Task :compileTestJava NO-SOURCE
> Task :testClasses UP-TO-DATE
> Task :test

BUILD SUCCESSFUL in 10s
5 actionable tasks: 5 executed
